Rendering to 1024x1024 image
Loaded scene with 10000 circles
Loaded scene with 10000 circles
---------------------------------------------------------
Initializing CUDA for CudaRenderer
Found 1 CUDA devices
Device 0: NVIDIA T4G
   SMs:        40
   Global mem: 14918 MB
   CUDA Cap:   7.5
---------------------------------------------------------

Running benchmark, 1 frames, beginning at frame 0 ...
Dumping frames to logs/output_xxx.ppm
Copying image data from device
Wrote image file logs/output_0000.ppm
Copying image data from device
Mismatch detected at pixel [0][368], value = 0.736143, expected 0.490333 for color Red
Mismatch detected at pixel [0][369], value = 0.736143, expected 0.490333 for color Red
Mismatch detected at pixel [0][370], value = 0.736143, expected 0.490333 for color Red
Mismatch detected at pixel [0][371], value = 0.736143, expected 0.490338 for color Red
Mismatch detected at pixel [0][372], value = 0.736143, expected 0.490338 for color Red
Mismatch detected at pixel [0][373], value = 0.736143, expected 0.490338 for color Red
ERROR : Mismatch detected between reference and actual
